
> grok-voice-client@1.0.0 server
> node server.js

Token server running on http://localhost:8080
LiveKit URL: ws://localhost:7880
Generating token for room: investobot-1769905632807-unaj2jh, name: User
API Key: devke...
API Secret: secre...
AccessToken created, calling toJwt()...
toJwt() returned, type: object
toJwt() value preview: {}
Token is a Promise, awaiting...
Token generated successfully, length: 557
Token preview: eyJhbGciOiJIUzI1NiJ9.eyJ2aWRlb...
Generating token for room: investobot-1769905646140-j8fagbv, name: User
API Key: devke...
API Secret: secre...
AccessToken created, calling toJwt()...
toJwt() returned, type: object
toJwt() value preview: {}
Token is a Promise, awaiting...
Token generated successfully, length: 557
Token preview: eyJhbGciOiJIUzI1NiJ9.eyJ2aWRlb...
Generating token for room: investobot-1769905667640-dqaiiwj, name: User
API Key: devke...
API Secret: secre...
AccessToken created, calling toJwt()...
toJwt() returned, type: object
toJwt() value preview: {}
Token is a Promise, awaiting...
Token generated successfully, length: 557
Token preview: eyJhbGciOiJIUzI1NiJ9.eyJ2aWRlb...
Generating token for room: investobot-1769906103773-87haukb, name: User
API Key: devke...
API Secret: secre...
AccessToken created, calling toJwt()...
toJwt() returned, type: object
toJwt() value preview: {}
Token is a Promise, awaiting...
Token generated successfully, length: 557
Token preview: eyJhbGciOiJIUzI1NiJ9.eyJ2aWRlb...
